// Jest Snapshot v1, https://goo.gl/fbAQLP

exports[`Wrapper Component Snapshot should match snapshot 1`] = `"<div class=\\"sc-AxjAm icZVuM\\"></div>"`;
